[Malicious] (98) https://google.com
[Malicious] (98) https://github.com
[Malicious] (98) https://openai.com
[Malicious] (100) https://facebook.com
[Malicious] (91) https://google-login-check-security.com
[Malicious] (99) http://paypal-verification-alert.net
[Malicious] (100) http://192.168.1.1/login.php?verify=1
[Malicious] (100) http://172.16.0.4/secure/account
